// Jest Snapshot v1, https://goo.gl/fbAQLP

exports[`checks if the content of the file myfile is still the same 1`] = `
Object {
  "data": Array [
    72,
    101,
    108,
    108,
    111,
    44,
    32,
    119,
    111,
    114,
    108,
    100,
    33,
    10,
  ],
  "type": "Buffer",
}
`;
